> 스토리지 (디스크 파티셔닝, LVM)



## Storage 
- DAS (Direct Attach Storage)
	- 정보통신시스템의 물리적인 포트와 연결된 저장장치
	- IDE, SATA, SCSI, NVME (물리적 케이블로 직접 연결)
	- 근거리에서 사용, 확장성 떨어짐
	- 속도 빠름, 안정적, 비용 저렴, 구성 쉬움
- NAS (Network Area Storage)
	- 기존 구성되어 있는 네트워크에서 사용하는 스토리지
	- 속도 느림, 병목현상 발생할 수 있음
	- 원거리 설치가 가능해서 확장성 뛰어남
	- 비용 저렴. 구성 쉬움
	- NFS, iSCSI
- SAN(Storage Area Network)
	- 광케이블로 구성되어 있음. SAN Switch와 HBA Card 필요
	- 비용 비쌈, 구성 어려움\
	- 속도 빠르고 안정적임, 확장성 뛰어남


### 클라우드 스토리지
- Block Storage : 물리적 시스템의 HDD 동작
- Object Storage : 객체단위로 저장되며 REST API(객체별 URL 할당) 기능 지원. 해당 URL별 권한 설정 가능
- File Storage

- DISK 사용 순서
	- 윈도우
		- 파티션 -> 파일시스템 -> 드라이브명 할당 (C냐 D냐...)
	- 리눅스
		- 파티션 -> 파일시스템 -> 마운트
- 파티션이란? 
	- 물리적인 디스크를 논리적으로 분할
	- 디스크를 사용하기 위해서 반드시 1개 이상의 파티션이 존재해야함.
- 파일시스템?
	- 파일과 디렉토리를 효율적으로 관리하기 위한 시스템
	- ext1 -> ext2 -> ext3 -> ext4 -> xfs 방식 
	- ext3, ext4 저널링 파일시스템 : 파일 삭제할 때 로그 기록을 남긴다. 이를 통해 파일 복구 가능. 다만 속도 느려짐. ext3 단점을 해결한 ext4
- 마운트
	- 리눅스 시스템에서는 장치를 사용하기 위해 디렉토리와 연결해야함. 


## 디스크 사용 순서대로 실행해보기~
### 스토리지 코드로 보기
- `lsblk` : 블록 리스트 보기
```
[root@localhost ~]# lsblk
NAME        MAJ:MIN RM  SIZE RO TYPE MOUNTPOINTS
sr0          11:0    1  1.7G  0 rom  
nvme0n1     259:0    0   20G  0 disk 
├─nvme0n1p1 259:1    0    1G  0 part /boot # 파티셔닝 1
└─nvme0n1p2 259:2    0   19G  0 part       # 파티셔닝 2
  ├─rl-root 253:0    0   17G  0 lvm  /
  └─rl-swap 253:1    0    2G  0 lvm  [SWAP]
nvme0n2     259:3    0   10G  0 disk       # 파티셔닝 X : 안쓰는중
nvme0n3     259:4    0    5G  0 disk 
```
- 위 내용은 nvme 방식 사용
- 스카시(AHCI) 방식이나 산타(SATA) 방식의 물리적인 디스크의 경우
	- sda, sdb, sdc ... 이렇게 붙게 됨
- hdd
	- hda, hdb, hdc ...



```shell
[root@localhost ~]# fdisk -l
Disk /dev/nvme0n1: 20 GiB, 21474836480 bytes, 41943040 sectors
Disk model: VMware Virtual NVMe Disk
Units: sectors of 1 * 512 = 512 bytes
Sector size (logical/physical): 512 bytes / 512 bytes
I/O size (minimum/optimal): 512 bytes / 512 bytes
Disklabel type: dos
Disk identifier: 0x29c1c7b3

Device         Boot   Start      End  Sectors Size Id Type
/dev/nvme0n1p1 *       2048  2099199  2097152   1G 83 Linux
/dev/nvme0n1p2      2099200 41943039 39843840  19G 8e Linux LVM


Disk /dev/nvme0n2: 10 GiB, 10737418240 bytes, 20971520 sectors
Disk model: VMware Virtual NVMe Disk
Units: sectors of 1 * 512 = 512 bytes
Sector size (logical/physical): 512 bytes / 512 bytes
I/O size (minimum/optimal): 512 bytes / 512 bytes


Disk /dev/nvme0n3: 5 GiB, 5368709120 bytes, 10485760 sectors
Disk model: VMware Virtual NVMe Disk
Units: sectors of 1 * 512 = 512 bytes
Sector size (logical/physical): 512 bytes / 512 bytes
I/O size (minimum/optimal): 512 bytes / 512 bytes


Disk /dev/mapper/rl-root: 17 GiB, 18249416704 bytes, 35643392 sectors
Units: sectors of 1 * 512 = 512 bytes
Sector size (logical/physical): 512 bytes / 512 bytes
I/O size (minimum/optimal): 512 bytes / 512 bytes


Disk /dev/mapper/rl-swap: 2 GiB, 2147483648 bytes, 4194304 sectors
Units: sectors of 1 * 512 = 512 bytes
Sector size (logical/physical): 512 bytes / 512 bytes
I/O size (minimum/optimal): 512 bytes / 512 bytes

```


### 파티셔닝 하기
- 서버에서 CLI로 실행
	- swap : 메모리가 부족한 경우 물리적인 디스크를 메모리로 사용하는 기술
	- / : 최상위 디렉토리, 하위 디렉토리는 자동 생성, 단 /var, /tmp, /home 직접 지정 가능
	- fdisk /dev/{분리하고자하는 파티션 이름} 
		- 파티션 이름 확인하는 법 : lsblk
		- w 저장 q 나가기 t 파티션 타입 변경 d 파티션 삭제 n 새롭게 만드는 것 p 만들어진거 확인
- 부팅하면서 GUI로 실행
	- 수동 파티션 설정
- 디스크 사용량 확인 d?

### 파일시스템 만들기
- mkfs -t {xfs 혹은 ext4 등 파일시스템방식 선택} /dev/{파티셔닝명}
	- mkfs.ext4 ... 이렇게도 쓸 수 있음
- blkid (블록id) 로 파일 시스템 잘 생성되어 있는지 확인
- 사용량 확인 df -T(타입)h(용량보기좋게)

### 마운트 하기
- mount  /dev/{파티셔닝명} {연결하고자하는 경로}
- umount {연결한 경로}
	- 해당 디렉토리에 들어간 상태로 마운트 해제할 수 없음


### 제거하는 방법
> 파티셔닝 날려버리기 ^^... wipefs -a -f /dev/{파티셔닝명} 하면 날라감권장X
1. 마운트 해제하기
2. 파일시스템 삭제하기
	- wipefs -a(전체) -f(강제로) /dev/{파일시스템명}
	- blkid 확인해보면 파일시스템 없는거 확인됨
3. fdisk /dev/{파티션 이름} -> d 하면 알아서 물어봄 (1번지울래 2번지울래)
- 데이터를 삭제..?
	- 덮어씌우기 밖에 안됨
	- 지워버리려면 21번정도 덮어씌워야함

---

## LVM
- Logical Volume Manager
- 사용자가 파일시스템을 통해 직접 Storage를 관리하지 않고 
- LVM이라는 application을 이용해 물리적 디스크를 논리적으로 관리, 디스크 확장이 자유로워짐
- 핵심 구성요소    : **파티션 -> pv -> vg -> lv -> file system -> mount**
	- PV  : physical volume
		- pvcreate 파티션1 파티션2 파티션3
		- pvremove 파티션1 파티션2 파티션3
		- 확인 : pvscan < pvs < pvdisplay
	- VG : volume group
		- vgcreate vg명 pv명1 pv명2 pv명3
		- vgremove vg명
		- vgextend vg명 pv명1
		- vgreduce vg명 pv명
		- 확인 : vgscan < vgs < vgdisplay
	- LV : logical volume
		- lvcreate -L 사이즈 지정(3G ... ) -n lv명
		- lvremove /dev/vg명/lv명
		- lvextend -L +100G **/dev/vg이름/lv이름** <-- 해당 lv +100G 확장
		- lvextend -L 150G **/dev/vg이름/lv이름** <-- 해당 lv +150G로 변경
		- lvextend -l +100%FREE **/dev/vg이름/lv이름** <-- 남은용량 lv에 모두 할당
		- lvreduce -L 100G **/dev/vg이름/lv이름** <-- 해당 lv 100G 축소
		- 확인 : lvscan < lvs < lvdisplay
- 줄이는 것은 사용하지 않는 것이 좋음 (데이터 손실 있을 수 있음)

### 사용법
- fdisk 파티션명 -> 만들고 -> t (타입변경) 8e > LVM적용완료
- pvcreate  ... 만들고 지우고~

### 용량 추가시에
- 10G disk 추가 후 
	- /home, /var, / 용량을 3G 추가
	- lvextend ... 해서 추가시키기
- 홈 디렉토리 분리하는 건 사용자 많을때 사이즈 미리 부여해놓기 위해..
- 디스크 용량 키운 후 할일
	- xfs의 경우 : xfs_growfs {마운트한 경로}
	- ext의 경우 : resize2fs {마운트한 경로}

---

### 윈도우 디스크 설정하기
- diskmgmt.msg > 동작 > VHD 만들기 -> 디스크 초기화 -> (단일인 경우) GPT로 초기화 실행 -> 파티션 만들기 -> 얼마나 쪼갤지 설정 -> 할당 단위 크기 (8개 섹터를 하나의 클러스터로 묶어서 읽는 방식을 많이 사용한다. 비는 슬랙공간을 이용) 
- 파티셔닝 -> 파일시스템 -> 마운트 (형식 동일)
- 시험) 가상디스크 형식
	- 윈도우 VHD
	- 오라클 VVI
- ext3 ext4는 저널링 방식. 로그를 남김. : 읽기 쓰기 속도가 좀 느려서 발전시킨게 3->4